Microchip MPLAB XC8 Compiler V2.32

Linker command line:

-W-3 --edf=C:\Program Files\Microchip\xc8\v2.32\pic\dat\en_msgs.txt -cn \
  -h+dist/default/production\GPS.X.production.sym \
  --cmf=dist/default/production\GPS.X.production.cmf -z -Q16LF1619 \
  -oC:\Users\John\AppData\Local\Temp\xcAsdm0.4 --defsym=__MPLAB_BUILD=1 \
  -Mdist/default/production/GPS.X.production.map -E1 -ver=XC8 Compiler \
  --acfsm=1493 -ASTACK=02043h-023EFh -pstack=STACK -ACODE=00h-07FFhx4 \
  -ASTRCODE=00h-01FFFh -ASTRING=00h-0FFhx32 -ACONST=00h-0FFhx32 \
  -AENTRY=00h-0FFhx32 -ACOMMON=070h-07Fh -ABANK0=020h-06Fh \
  -ABANK1=0A0h-0EFh -ABANK2=0120h-016Fh -ABANK3=01A0h-01EFh \
  -ABANK4=0220h-026Fh -ABANK5=02A0h-02EFh -ABANK6=0320h-036Fh \
  -ABANK7=03A0h-03EFh -ABANK8=0420h-046Fh -ABANK9=04A0h-04EFh \
  -ABANK10=0520h-056Fh -ABANK11=05A0h-05EFh -ABANK12=0620h-064Fh \
  -ABIGRAM=02000h-023EFh \
  -ARAM=020h-06Fh,0A0h-0EFh,0120h-016Fh,01A0h-01EFh,0220h-026Fh,02A0h-02EFh,0320h-036Fh,03A0h-03EFh,0420h-046Fh,04A0h-04EFh,0520h-056Fh,05A0h-05EFh,0620h-064Fh \
  -AABS1=020h-07Fh,0A0h-0EFh,0120h-016Fh,01A0h-01EFh,0220h-026Fh,02A0h-02EFh,0320h-036Fh,03A0h-03EFh,0420h-046Fh,04A0h-04EFh,0520h-056Fh,05A0h-05EFh,0620h-064Fh \
  -ASFR0=00h-01Fh -ASFR1=080h-09Fh -ASFR2=0100h-011Fh -ASFR3=0180h-019Fh \
  -ASFR4=0200h-021Fh -ASFR5=0280h-029Fh -ASFR6=0300h-031Fh \
  -ASFR7=0380h-039Fh -ASFR8=0400h-041Fh -ASFR9=0480h-049Fh \
  -ASFR10=0500h-051Fh -ASFR11=0580h-059Fh -ASFR12=0600h-061Fh \
  -ASFR13=0680h-06EFh -ASFR14=0700h-076Fh -ASFR15=0780h-07EFh \
  -ASFR16=0800h-086Fh -ASFR17=0880h-08EFh -ASFR18=0900h-096Fh \
  -ASFR19=0980h-09EFh -ASFR20=0A00h-0A6Fh -ASFR21=0A80h-0AEFh \
  -ASFR22=0B00h-0B6Fh -ASFR23=0B80h-0BEFh -ASFR24=0C00h-0C6Fh \
  -ASFR25=0C80h-0CEFh -ASFR26=0D00h-0D6Fh -ASFR27=0D80h-0DEFh \
  -ASFR28=0E00h-0E6Fh -ASFR29=0E80h-0EEFh -ASFR30=0F00h-0F6Fh \
  -ASFR31=0F80h-0FEFh -ACONFIG=08007h-08009h -DCONFIG=2 \
  -AIDLOC=08000h-08003h -DIDLOC=2 -DCODE=2 -DSTRCODE=2 -DSTRING=2 -DCONST=2 \
  -DENTRY=2 -preset_vec=00h,intentry=04h,init,end_init -ppowerup=CODE \
  -pcinit=CODE -pfunctab=ENTRY -k \
  C:\Users\John\AppData\Local\Temp\xcAsdm0.o \
  dist/default/production\GPS.X.production.o 

Object code version is 3.11

Machine type is 16LF1619



                Name                               Link     Load   Length Selector   Space Scale
C:\Users\John\AppData\Local\Temp\xcAsdm0.o
                end_init                             38       38        2        8       0
                reset_vec                             0        0        2        0       0
                config                             8007     8007        3        0       4
dist/default/production\GPS.X.production.o
                cinit                                3A       3A       1E        8       0
                intentry                              4        4       34        8       0
                config                             8007     8007        3        0       4
                text24                              210      210       1A        8       0
                text23                              29F      29F        4      4CE       0
                text22                              2A5      2A5        1      54A       0
                text21                              29B      29B        4      4CE       0
                text20                               EA       EA       39        8       0
                text19                              1D1      1D1       22        8       0
                text18                              292      292        5      4CE       0
                text16                              28C      28C        6      4CE       0
                text15                              286      286        6      4CE       0
                text14                              280      280        6      4CE       0
                text13                              27A      27A        6      4CE       0
                text12                              274      274        6      4CE       0
                text11                               AB       AB       3F        8       0
                text10                              267      267        7      4CE       0
                text9                               123      123       31        8       0
                text8                               23B      23B        E        8       0
                text7                               249      249        D        8       0
                text6                               182      182       2A        8       0
                text5                               256      256        9        8       0
                text4                               22A      22A       11        8       0
                text3                               1F3      1F3       1D        8       0
                text2                               154      154       2E        8       0
                text1                               1AC      1AC       25        8       0
                maintext                             58       58       53        8       0
                cstackBANK0                          60       60        3       20       1
                cstackCOMMON                         70       70        B       70       1
                clrtext                             26E      26E        6      4CE       0
                dataBANK0                            5C       5C        4       20       1
                bssBANK0                             20       20       2D       20       1
                bssCOMMON                            7B       7B        2       70       1
                stringtext2                         2A3      2A3        2      546       0
                stringtext1                         25F      25F        8      4BE       0
                nvBANK0                              4D       4D        F       20       1
                idataBANK0                          297      297        4      4CE       0

TOTAL           Name                               Link     Load   Length     Space
        CLASS   STACK          

        CLASS   CODE           
                end_init                             38       38        2         0
                cinit                                3A       3A       1E         0
                intentry                              4        4       34         0
                reset_vec                             0        0        2         0
                text24                              210      210       1A         0
                text23                              29F      29F        4         0
                text22                              2A5      2A5        1         0
                text21                              29B      29B        4         0
                text20                               EA       EA       39         0
                text19                              1D1      1D1       22         0
                text18                              292      292        5         0
                text16                              28C      28C        6         0
                text15                              286      286        6         0
                text14                              280      280        6         0
                text13                              27A      27A        6         0
                text12                              274      274        6         0
                text11                               AB       AB       3F         0
                text10                              267      267        7         0
                text9                               123      123       31         0
                text8                               23B      23B        E         0
                text7                               249      249        D         0
                text6                               182      182       2A         0
                text5                               256      256        9         0
                text4                               22A      22A       11         0
                text3                               1F3      1F3       1D         0
                text2                               154      154       2E         0
                text1                               1AC      1AC       25         0
                maintext                             58       58       53         0
                clrtext                             26E      26E        6         0
                idataBANK0                          297      297        4         0

        CLASS   STRCODE        
                stringtext2                         2A3      2A3        2         0
                stringtext1                         25F      25F        8         0

        CLASS   STRING         

        CLASS   CONST          

        CLASS   ENTRY          

        CLASS   COMMON         
                cstackCOMMON                         70       70        B         1
                bssCOMMON                            7B       7B        2         1

        CLASS   BANK0          
                cstackBANK0                          60       60        3         1
                dataBANK0                            5C       5C        4         1
                bssBANK0                             20       20       2D         1
                nvBANK0                              4D       4D        F         1

        CLASS   BANK1          

        CLASS   BANK2          

        CLASS   BANK3          

        CLASS   BANK4          

        CLASS   BANK5          

        CLASS   BANK6          

        CLASS   BANK7          

        CLASS   BANK8          

        CLASS   BANK9          

        CLASS   BANK10         

        CLASS   BANK11         

        CLASS   BANK12         

        CLASS   BIGRAM         

        CLASS   RAM            

        CLASS   ABS1           
                abs_s1                               7E       7E        2         1

        CLASS   SFR0           

        CLASS   SFR1           

        CLASS   SFR2           

        CLASS   SFR3           

        CLASS   SFR4           

        CLASS   SFR5           

        CLASS   SFR6           

        CLASS   SFR7           

        CLASS   SFR8           

        CLASS   SFR9           

        CLASS   SFR10          

        CLASS   SFR11          

        CLASS   SFR12          

        CLASS   SFR13          

        CLASS   SFR14          

        CLASS   SFR15          

        CLASS   SFR16          

        CLASS   SFR17          

        CLASS   SFR18          

        CLASS   SFR19          

        CLASS   SFR20          

        CLASS   SFR21          

        CLASS   SFR22          

        CLASS   SFR23          

        CLASS   SFR24          

        CLASS   SFR25          

        CLASS   SFR26          

        CLASS   SFR27          

        CLASS   SFR28          

        CLASS   SFR29          

        CLASS   SFR30          

        CLASS   SFR31          

        CLASS   CONFIG         
                config                             8007     8007        3         4

        CLASS   IDLOC          

        CLASS   BANK31         

        CLASS   BANK30         

        CLASS   BANK29         

        CLASS   BANK28         

        CLASS   BANK27         

        CLASS   BANK26         

        CLASS   BANK25         

        CLASS   BANK24         

        CLASS   BANK23         

        CLASS   BANK22         

        CLASS   BANK21         

        CLASS   BANK20         

        CLASS   BANK19         

        CLASS   BANK18         

        CLASS   BANK17         

        CLASS   BANK16         

        CLASS   BANK15         

        CLASS   BANK14         

        CLASS   BANK13         

        CLASS   EEDATA         



SEGMENTS        Name                           Load    Length   Top    Selector   Space  Class     Delta

                reset_vec                      000000  000002  000002         0       0  CODE        2
                intentry                       000004  00025B  00025F         8       0  CODE        2
                bssBANK0                       000020  000043  000063        20       1  BANK0       1
                cstackCOMMON                   000070  00000D  00007D        70       1  COMMON      1
                stringtext1                    00025F  000008  000267       4BE       0  STRCODE     2
                text10                         000267  00003C  0002A3       4CE       0  CODE        2
                stringtext2                    0002A3  000002  0002A5       546       0  STRCODE     2
                text22                         0002A5  000001  0002A6       54A       0  CODE        2


UNUSED ADDRESS RANGES

        Name                Unused          Largest block    Delta
        BANK0            00063-0006F               D           1
        BANK1            000A0-000EF              50           1
        BANK10           00520-0056F              50           1
        BANK11           005A0-005EF              50           1
        BANK12           00620-0064F              30           1
        BANK2            00120-0016F              50           1
        BANK3            001A0-001EF              50           1
        BANK4            00220-0026F              50           1
        BANK5            002A0-002EF              50           1
        BANK6            00320-0036F              50           1
        BANK7            003A0-003EF              50           1
        BANK8            00420-0046F              50           1
        BANK9            004A0-004EF              50           1
        BIGRAM           02000-023EF             3F0           1
        CODE             00002-00003               2           2
                         002A6-01FFF             800
        COMMON           0007D-0007D               1           1
        CONST            00002-00003               2           2
                         002A6-01FFF             100
        ENTRY            00002-00003               2           2
                         002A6-01FFF             100
        IDLOC            08000-08003               4           2
        RAM              00063-0006F               D           1
                         000A0-000EF              50
                         00120-0016F              50
                         001A0-001EF              50
                         00220-0026F              50
                         002A0-002EF              50
                         00320-0036F              50
                         003A0-003EF              50
                         00420-0046F              50
                         004A0-004EF              50
                         00520-0056F              50
                         005A0-005EF              50
                         00620-0064F              30
        SFR0             00000-0001F              20           1
        SFR1             00080-0009F              20           1
        SFR10            00500-0051F              20           1
        SFR11            00580-0059F              20           1
        SFR12            00600-0061F              20           1
        SFR13            00680-006EF              70           1
        SFR14            00700-0076F              70           1
        SFR15            00780-007EF              70           1
        SFR16            00800-0086F              70           1
        SFR17            00880-008EF              70           1
        SFR18            00900-0096F              70           1
        SFR19            00980-009EF              70           1
        SFR2             00100-0011F              20           1
        SFR20            00A00-00A6F              70           1
        SFR21            00A80-00AEF              70           1
        SFR22            00B00-00B6F              70           1
        SFR23            00B80-00BEF              70           1
        SFR24            00C00-00C6F              70           1
        SFR25            00C80-00CEF              70           1
        SFR26            00D00-00D6F              70           1
        SFR27            00D80-00DEF              70           1
        SFR28            00E00-00E6F              70           1
        SFR29            00E80-00EEF              70           1
        SFR3             00180-0019F              20           1
        SFR30            00F00-00F6F              70           1
        SFR31            00F80-00FEF              70           1
        SFR4             00200-0021F              20           1
        SFR5             00280-0029F              20           1
        SFR6             00300-0031F              20           1
        SFR7             00380-0039F              20           1
        SFR8             00400-0041F              20           1
        SFR9             00480-0049F              20           1
        STACK            02043-023EF             3AD           1
        STRCODE          00002-00003               2           2
                         002A6-01FFF            1D5A
        STRING           00002-00003               2           2
                         002A6-01FFF             100

                                  Symbol Table

EUSART_Read@readValue                          cstackCOMMON 00072
EUSART_SetErrorHandler@interruptHandler        cstackCOMMON 00071
EUSART_SetFramingErrorHandler@interruptHandler cstackCOMMON 00071
EUSART_SetOverrunErrorHandler@interruptHandler cstackCOMMON 00071
EUSART_SetRxInterruptHandler@interruptHandler  cstackCOMMON 00071
EUSART_SetTxInterruptHandler@interruptHandler  cstackCOMMON 00071
_ANSELA                                        (abs)        0018C
_ANSELB                                        (abs)        0018D
_ANSELC                                        (abs)        0018E
_BAUD1CON                                      (abs)        0019F
_BORCON                                        (abs)        00116
_EUSART_DefaultErrorHandler                    text23       0029F
_EUSART_DefaultFramingErrorHandler             text22       002A5
_EUSART_DefaultOverrunErrorHandler             text21       0029B
_EUSART_ErrorHandler                           nvBANK0      0004D
_EUSART_FramingErrorHandler                    nvBANK0      00051
_EUSART_Initialize                             text11       000AB
_EUSART_OverrunErrorHandler                    nvBANK0      0004F
_EUSART_Read                                   text6        00182
_EUSART_Receive_ISR                            text20       000EA
_EUSART_RxDataHandler                          text24       00210
_EUSART_RxDefaultInterruptHandler              nvBANK0      00053
_EUSART_SetErrorHandler                        text16       0028C
_EUSART_SetFramingErrorHandler                 text15       00286
_EUSART_SetOverrunErrorHandler                 text14       00280
_EUSART_SetRxInterruptHandler                  text13       0027A
_EUSART_SetTxInterruptHandler                  text12       00274
_EUSART_Transmit_ISR                           text19       001D1
_EUSART_TxDefaultInterruptHandler              nvBANK0      00055
_EUSART_is_rx_ready                            text5        00256
_INLVLA                                        (abs)        0038C
_INLVLB                                        (abs)        0038D
_INLVLC                                        (abs)        0038E
_INTCONbits                                    (abs)        0000B
_INTERRUPT_InterruptManager                    intentry     00004
_LATA                                          (abs)        0010C
_LATB                                          (abs)        0010D
_LATC                                          (abs)        0010E
_ODCONA                                        (abs)        0028C
_ODCONB                                        (abs)        0028D
_ODCONC                                        (abs)        0028E
_OPTION_REG                                    (abs)        00095
_OPTION_REGbits                                (abs)        00095
_OSCCON                                        (abs)        00099
_OSCILLATOR_Initialize                         text10       00267
_OSCTUNE                                       (abs)        00098
_PIE1bits                                      (abs)        00090
_PIN_MANAGER_Initialize                        text9        00123
_PIR1bits                                      (abs)        00010
_RB6                                           (abs)        0006E
_RB7                                           (abs)        0006F
_RB7PPS                                        (abs)        00E9F
_RC1REG                                        (abs)        00199
_RC1STA                                        (abs)        0019D
_RC1STAbits                                    (abs)        0019D
_RC3                                           (abs)        00073
_RC6                                           (abs)        00076
_RC7                                           (abs)        00077
_RXPPS                                         (abs)        00E24
_SLRCONA                                       (abs)        0030C
_SLRCONB                                       (abs)        0030D
_SLRCONC                                       (abs)        0030E
_SPBRGH                                        (abs)        0019C
_SPBRGL                                        (abs)        0019B
_SYSTEM_Initialize                             text7        00249
_TMR0                                          (abs)        00015
_TMR0_ISR                                      text18       00292
_TMR0_Initialize                               text8        0023B
_TMR0_InterruptHandler                         bssBANK0     00044
_TRISA                                         (abs)        0008C
_TRISB                                         (abs)        0008D
_TRISC                                         (abs)        0008E
_TX1REG                                        (abs)        0019A
_TX1STA                                        (abs)        0019E
_TX1STAbits                                    (abs)        0019E
_WPUA                                          (abs)        0020C
_WPUB                                          (abs)        0020D
_WPUC                                          (abs)        0020E
__Habs1                                        abs1         00000
__Hbank0                                       bank0        00000
__Hbank1                                       bank1        00000
__Hbank10                                      bank10       00000
__Hbank11                                      bank11       00000
__Hbank12                                      bank12       00000
__Hbank13                                      bank13       00000
__Hbank14                                      bank14       00000
__Hbank15                                      bank15       00000
__Hbank16                                      bank16       00000
__Hbank17                                      bank17       00000
__Hbank18                                      bank18       00000
__Hbank19                                      bank19       00000
__Hbank2                                       bank2        00000
__Hbank20                                      bank20       00000
__Hbank21                                      bank21       00000
__Hbank22                                      bank22       00000
__Hbank23                                      bank23       00000
__Hbank24                                      bank24       00000
__Hbank25                                      bank25       00000
__Hbank26                                      bank26       00000
__Hbank27                                      bank27       00000
__Hbank28                                      bank28       00000
__Hbank29                                      bank29       00000
__Hbank3                                       bank3        00000
__Hbank30                                      bank30       00000
__Hbank31                                      bank31       00000
__Hbank4                                       bank4        00000
__Hbank5                                       bank5        00000
__Hbank6                                       bank6        00000
__Hbank7                                       bank7        00000
__Hbank8                                       bank8        00000
__Hbank9                                       bank9        00000
__Hbigram                                      bigram       00000
__HbssBANK0                                    bssBANK0     00000
__HbssCOMMON                                   bssCOMMON    00000
__Hcinit                                       cinit        00058
__Hclrtext                                     clrtext      00000
__Hcode                                        code         00000
__Hcommon                                      common       00000
__Hconfig                                      config       0800A
__HcstackBANK0                                 cstackBANK0  00000
__HcstackCOMMON                                cstackCOMMON 00000
__HdataBANK0                                   dataBANK0    00000
__Heeprom_data                                 eeprom_data  00000
__Hend_init                                    end_init     0003A
__Hfunctab                                     functab      00000
__HidataBANK0                                  idataBANK0   00000
__Hinit                                        init         00038
__Hintentry                                    intentry     00038
__Hmaintext                                    maintext     00000
__HnvBANK0                                     nvBANK0      00000
__Hpowerup                                     powerup      00000
__Hram                                         ram          00000
__Hreset_vec                                   reset_vec    00002
__Hsfr0                                        sfr0         00000
__Hsfr1                                        sfr1         00000
__Hsfr10                                       sfr10        00000
__Hsfr11                                       sfr11        00000
__Hsfr12                                       sfr12        00000
__Hsfr13                                       sfr13        00000
__Hsfr14                                       sfr14        00000
__Hsfr15                                       sfr15        00000
__Hsfr16                                       sfr16        00000
__Hsfr17                                       sfr17        00000
__Hsfr18                                       sfr18        00000
__Hsfr19                                       sfr19        00000
__Hsfr2                                        sfr2         00000
__Hsfr20                                       sfr20        00000
__Hsfr21                                       sfr21        00000
__Hsfr22                                       sfr22        00000
__Hsfr23                                       sfr23        00000
__Hsfr24                                       sfr24        00000
__Hsfr25                                       sfr25        00000
__Hsfr26                                       sfr26        00000
__Hsfr27                                       sfr27        00000
__Hsfr28                                       sfr28        00000
__Hsfr29                                       sfr29        00000
__Hsfr3                                        sfr3         00000
__Hsfr30                                       sfr30        00000
__Hsfr31                                       sfr31        00000
__Hsfr4                                        sfr4         00000
__Hsfr5                                        sfr5         00000
__Hsfr6                                        sfr6         00000
__Hsfr7                                        sfr7         00000
__Hsfr8                                        sfr8         00000
__Hsfr9                                        sfr9         00000
__Hspace_0                                     (abs)        002A6
__Hspace_1                                     (abs)        0007D
__Hspace_2                                     (abs)        00000
__Hspace_3                                     (abs)        00000
__Hspace_4                                     (abs)        10011
__Hstack                                       stack        00000
__Hstrings                                     strings      00000
__Hstringtext1                                 stringtext1  00000
__Hstringtext2                                 stringtext2  00000
__Hstringtext3                                 stringtext3  00000
__Htext                                        text         00000
__Labs1                                        abs1         00000
__Lbank0                                       bank0        00000
__Lbank1                                       bank1        00000
__Lbank10                                      bank10       00000
__Lbank11                                      bank11       00000
__Lbank12                                      bank12       00000
__Lbank13                                      bank13       00000
__Lbank14                                      bank14       00000
__Lbank15                                      bank15       00000
__Lbank16                                      bank16       00000
__Lbank17                                      bank17       00000
__Lbank18                                      bank18       00000
__Lbank19                                      bank19       00000
__Lbank2                                       bank2        00000
__Lbank20                                      bank20       00000
__Lbank21                                      bank21       00000
__Lbank22                                      bank22       00000
__Lbank23                                      bank23       00000
__Lbank24                                      bank24       00000
__Lbank25                                      bank25       00000
__Lbank26                                      bank26       00000
__Lbank27                                      bank27       00000
__Lbank28                                      bank28       00000
__Lbank29                                      bank29       00000
__Lbank3                                       bank3        00000
__Lbank30                                      bank30       00000
__Lbank31                                      bank31       00000
__Lbank4                                       bank4        00000
__Lbank5                                       bank5        00000
__Lbank6                                       bank6        00000
__Lbank7                                       bank7        00000
__Lbank8                                       bank8        00000
__Lbank9                                       bank9        00000
__Lbigram                                      bigram       00000
__LbssBANK0                                    bssBANK0     00000
__LbssCOMMON                                   bssCOMMON    00000
__Lcinit                                       cinit        0003A
__Lclrtext                                     clrtext      00000
__Lcode                                        code         00000
__Lcommon                                      common       00000
__Lconfig                                      config       00000
__LcstackBANK0                                 cstackBANK0  00000
__LcstackCOMMON                                cstackCOMMON 00000
__LdataBANK0                                   dataBANK0    00000
__Leeprom_data                                 eeprom_data  00000
__Lend_init                                    end_init     00038
__Lfunctab                                     functab      00000
__LidataBANK0                                  idataBANK0   00000
__Linit                                        init         00038
__Lintentry                                    intentry     00004
__Lmaintext                                    maintext     00000
__LnvBANK0                                     nvBANK0      00000
__Lpowerup                                     powerup      00000
__Lram                                         ram          00000
__Lreset_vec                                   reset_vec    00000
__Lsfr0                                        sfr0         00000
__Lsfr1                                        sfr1         00000
__Lsfr10                                       sfr10        00000
__Lsfr11                                       sfr11        00000
__Lsfr12                                       sfr12        00000
__Lsfr13                                       sfr13        00000
__Lsfr14                                       sfr14        00000
__Lsfr15                                       sfr15        00000
__Lsfr16                                       sfr16        00000
__Lsfr17                                       sfr17        00000
__Lsfr18                                       sfr18        00000
__Lsfr19                                       sfr19        00000
__Lsfr2                                        sfr2         00000
__Lsfr20                                       sfr20        00000
__Lsfr21                                       sfr21        00000
__Lsfr22                                       sfr22        00000
__Lsfr23                                       sfr23        00000
__Lsfr24                                       sfr24        00000
__Lsfr25                                       sfr25        00000
__Lsfr26                                       sfr26        00000
__Lsfr27                                       sfr27        00000
__Lsfr28                                       sfr28        00000
__Lsfr29                                       sfr29        00000
__Lsfr3                                        sfr3         00000
__Lsfr30                                       sfr30        00000
__Lsfr31                                       sfr31        00000
__Lsfr4                                        sfr4         00000
__Lsfr5                                        sfr5         00000
__Lsfr6                                        sfr6         00000
__Lsfr7                                        sfr7         00000
__Lsfr8                                        sfr8         00000
__Lsfr9                                        sfr9         00000
__Lspace_0                                     (abs)        00000
__Lspace_1                                     (abs)        00000
__Lspace_2                                     (abs)        00000
__Lspace_3                                     (abs)        00000
__Lspace_4                                     (abs)        00000
__Lstack                                       stack        00000
__Lstrings                                     strings      00000
__Lstringtext1                                 stringtext1  00000
__Lstringtext2                                 stringtext2  00000
__Lstringtext3                                 stringtext3  00000
__Ltext                                        text         00000
__S0                                           (abs)        002A6
__S1                                           (abs)        0007D
__S2                                           (abs)        00000
___int_sp                                      stack        00000
___latbits                                     (abs)        00002
___sp                                          stack        00000
___stackhi                                     (abs)        023EF
___stacklo                                     (abs)        02043
__end_of_EUSART_DefaultErrorHandler            text23       002A3
__end_of_EUSART_DefaultFramingErrorHandler     text22       002A6
__end_of_EUSART_DefaultOverrunErrorHandler     text21       0029F
__end_of_EUSART_Initialize                     text11       000EA
__end_of_EUSART_Read                           text6        001AC
__end_of_EUSART_Receive_ISR                    text20       00123
__end_of_EUSART_RxDataHandler                  text24       0022A
__end_of_EUSART_SetErrorHandler                text16       00292
__end_of_EUSART_SetFramingErrorHandler         text15       0028C
__end_of_EUSART_SetOverrunErrorHandler         text14       00286
__end_of_EUSART_SetRxInterruptHandler          text13       00280
__end_of_EUSART_SetTxInterruptHandler          text12       0027A
__end_of_EUSART_Transmit_ISR                   text19       001F3
__end_of_EUSART_is_rx_ready                    text5        0025F
__end_of_INTERRUPT_InterruptManager            intentry     00038
__end_of_OSCILLATOR_Initialize                 text10       0026E
__end_of_PIN_MANAGER_Initialize                text9        00154
__end_of_SYSTEM_Initialize                     text7        00256
__end_of_TMR0_ISR                              text18       00297
__end_of_TMR0_Initialize                       text8        00249
__end_of__initialization                       cinit        00054
__end_of_getnext                               text4        0023B
__end_of_grab                                  text3        00210
__end_of_main                                  maintext     000AB
__end_of_match                                 text2        00182
__end_of_parse                                 text1        001D1
__initialization                               cinit        0003A
__pbssBANK0                                    bssBANK0     00020
__pbssCOMMON                                   bssCOMMON    0007B
__pcstackBANK0                                 cstackBANK0  00060
__pcstackCOMMON                                cstackCOMMON 00070
__pdataBANK0                                   dataBANK0    0005C
__pidataBANK0                                  idataBANK0   00297
__pintentry                                    intentry     00004
__pmaintext                                    maintext     00058
__pnvBANK0                                     nvBANK0      0004D
__pstringtext1                                 stringtext1  0025F
__pstringtext2                                 stringtext2  002A3
__pstringtext3                                 stringtext3  00000
__ptext1                                       text1        001AC
__ptext10                                      text10       00267
__ptext11                                      text11       000AB
__ptext12                                      text12       00274
__ptext13                                      text13       0027A
__ptext14                                      text14       00280
__ptext15                                      text15       00286
__ptext16                                      text16       0028C
__ptext18                                      text18       00292
__ptext19                                      text19       001D1
__ptext2                                       text2        00154
__ptext20                                      text20       000EA
__ptext21                                      text21       0029B
__ptext22                                      text22       002A5
__ptext23                                      text23       0029F
__ptext24                                      text24       00210
__ptext3                                       text3        001F3
__ptext4                                       text4        0022A
__ptext5                                       text5        00256
__ptext6                                       text6        00182
__ptext7                                       text7        00249
__ptext8                                       text8        0023B
__ptext9                                       text9        00123
__size_of_EUSART_DefaultErrorHandler           (abs)        00000
__size_of_EUSART_DefaultFramingErrorHandler    (abs)        00000
__size_of_EUSART_DefaultOverrunErrorHandler    (abs)        00000
__size_of_EUSART_Initialize                    (abs)        00000
__size_of_EUSART_Read                          (abs)        00000
__size_of_EUSART_Receive_ISR                   (abs)        00000
__size_of_EUSART_RxDataHandler                 (abs)        00000
__size_of_EUSART_SetErrorHandler               (abs)        00000
__size_of_EUSART_SetFramingErrorHandler        (abs)        00000
__size_of_EUSART_SetOverrunErrorHandler        (abs)        00000
__size_of_EUSART_SetRxInterruptHandler         (abs)        00000
__size_of_EUSART_SetTxInterruptHandler         (abs)        00000
__size_of_EUSART_Transmit_ISR                  (abs)        00000
__size_of_EUSART_is_rx_ready                   (abs)        00000
__size_of_INTERRUPT_InterruptManager           (abs)        00000
__size_of_OSCILLATOR_Initialize                (abs)        00000
__size_of_PIN_MANAGER_Initialize               (abs)        00000
__size_of_SYSTEM_Initialize                    (abs)        00000
__size_of_TMR0_ISR                             (abs)        00000
__size_of_TMR0_Initialize                      (abs)        00000
__size_of_getnext                              (abs)        00000
__size_of_grab                                 (abs)        00000
__size_of_main                                 (abs)        00000
__size_of_match                                (abs)        00000
__size_of_parse                                (abs)        00000
_buf                                           bssBANK0     00020
_eusartRxBuffer                                bssBANK0     00032
_eusartRxCount                                 bssBANK0     0004A
_eusartRxHead                                  bssCOMMON    0007C
_eusartRxLastError                             bssBANK0     00049
_eusartRxStatusBuffer                          bssBANK0     0002A
_eusartRxTail                                  bssCOMMON    0007B
_eusartTxBuffer                                bssBANK0     0003A
_eusartTxBufferRemaining                       nvBANK0      0005B
_eusartTxHead                                  bssBANK0     0004C
_eusartTxTail                                  bssBANK0     0004B
_flag_tmr0                                     bssBANK0     00048
_getnext                                       text4        0022A
_grab                                          text3        001F3
_grab_flag                                     nvBANK0      00059
_main                                          maintext     00058
_match                                         text2        00154
_match_code                                    nvBANK0      00057
_parse                                         text1        001AC
_rxData                                        bssBANK0     00047
_timer0ReloadVal                               nvBANK0      0005A
_toggle                                        nvBANK0      00058
btemp                                          (abs)        0007E
clear_ram0                                     clrtext      0026E
end_of_initialization                          cinit        00054
grab@i                                         cstackCOMMON 00075
int$flags                                      (abs)        0007E
intlevel0                                      functab      00000
intlevel1                                      functab      00000
intlevel2                                      functab      00000
intlevel3                                      functab      00000
intlevel4                                      functab      00000
intlevel5                                      functab      00000
match@flag                                     cstackBANK0  00061
match@length                                   cstackCOMMON 00076
match@next                                     cstackBANK0  00060
match@retcode                                  cstackBANK0  00062
match@strg                                     cstackCOMMON 00074
parse@c                                        cstackCOMMON 00075
parse@i                                        cstackCOMMON 00076
reset_vec                                      reset_vec    00000
start                                          init         00038
start_initialization                           cinit        0003A
wtemp0                                         (abs)        0007E


MODULE INFORMATION

Module		Function		Class		Link	Load	Size
mcc_generated_files/interrupt_manager.c
		_INTERRUPT_InterruptManager		CODE           	0004	0000	52

mcc_generated_files/interrupt_manager.c estimated size: 52

mcc_generated_files/tmr0.c
		_TMR0_ISR      		CODE           	0292	0000	5
		_TMR0_Initialize		CODE           	023B	0000	14

mcc_generated_files/tmr0.c estimated size: 19

mcc_generated_files/pin_manager.c
		_PIN_MANAGER_Initialize		CODE           	0123	0000	49

mcc_generated_files/pin_manager.c estimated size: 49

shared
		__initialization		CODE           	003A	0000	26

shared estimated size: 26

mcc_generated_files/mcc.c
		_OSCILLATOR_Initialize		CODE           	0267	0000	7
		_SYSTEM_Initialize		CODE           	0249	0000	13

mcc_generated_files/mcc.c estimated size: 20

mcc_generated_files/eusart.c
		_EUSART_SetRxInterruptHandler		CODE           	027A	0000	6
		_EUSART_SetTxInterruptHandler		CODE           	0274	0000	6
		_EUSART_Read   		CODE           	0182	0000	42
		_EUSART_DefaultOverrunErrorHandler		CODE           	029B	0000	4
		_EUSART_DefaultErrorHandler		CODE           	029F	0000	4
		_EUSART_Transmit_ISR		CODE           	01D1	0000	34
		_EUSART_Initialize		CODE           	00AB	0000	63
		_EUSART_SetFramingErrorHandler		CODE           	0286	0000	6
		_EUSART_SetErrorHandler		CODE           	028C	0000	6
		_EUSART_SetOverrunErrorHandler		CODE           	0280	0000	6
		_EUSART_Receive_ISR		CODE           	00EA	0000	57
		_EUSART_RxDataHandler		CODE           	0210	0000	26
		_EUSART_DefaultFramingErrorHandler		CODE           	02A5	0000	1
		_EUSART_is_rx_ready		CODE           	0256	0000	9

mcc_generated_files/eusart.c estimated size: 270

main.c
		_grab          		CODE           	01F3	0000	29
		_getnext       		CODE           	022A	0000	17
		_main          		CODE           	0058	0000	83
		_parse         		CODE           	01AC	0000	37
		_match         		CODE           	0154	0000	46

main.c estimated size: 212

